==12572== Cachegrind, a cache and branch-prediction profiler
==12572== Copyright (C) 2002-2017, and GNU GPL'd, by Nicholas Nethercote et al.
==12572== Using Valgrind-3.13.0 and LibVEX; rerun with -h for copyright info
==12572== Command: bin/SudokuSolver_c boards/sudoku35/192
==12572== 
--12572-- warning: L3 cache found, using its data for the LL simulation.
==12572== 
==12572== I   refs:      3,031,474
==12572== I1  misses:        1,636
==12572== LLi misses:        1,543
==12572== I1  miss rate:      0.05%
==12572== LLi miss rate:      0.05%
==12572== 
==12572== D   refs:        982,327  (717,328 rd   + 264,999 wr)
==12572== D1  misses:       20,456  ( 17,891 rd   +   2,565 wr)
==12572== LLd misses:       10,374  (  8,754 rd   +   1,620 wr)
==12572== D1  miss rate:       2.1% (    2.5%     +     1.0%  )
==12572== LLd miss rate:       1.1% (    1.2%     +     0.6%  )
==12572== 
==12572== LL refs:          22,092  ( 19,527 rd   +   2,565 wr)
==12572== LL misses:        11,917  ( 10,297 rd   +   1,620 wr)
==12572== LL miss rate:        0.3% (    0.3%     +     0.6%  )
==12572== 
==12572== Branches:        443,322  (437,083 cond +   6,239 ind)
==12572== Mispredicts:      19,874  ( 19,128 cond +     746 ind)
==12572== Mispred rate:        4.5% (    4.4%     +    12.0%   )
